======================================================================
NBM BASELINE EVALUATION
======================================================================
Loading datasets...
Train: 276, Val: 48, Test: 60

Baseline 1: Mean Prediction on Validation Set
============================================================
Validation - Baseline Mean
============================================================
  MAE...........................  605980.3811
  RMSE..........................  660399.9644
  MAPE..........................      67.1352
  R2............................      -5.3284
  Directional_Accuracy..........      82.9787
  Sample_Size................... 48

 TARGET NOT MET: MAPE (67.14%) >= 10%
============================================================
Plot saved: results/validation_baseline_mean_plot.png

Baseline 2: Last Value on Validation Set
============================================================
Validation - Baseline Last Value
============================================================
  MAE...........................  360871.1406
  RMSE..........................  446255.3875
  MAPE..........................      36.6022
  R2............................      -1.8897
  Directional_Accuracy..........      82.9787
  Sample_Size................... 48

 TARGET NOT MET: MAPE (36.60%) >= 10%
============================================================
Plot saved: results/validation_baseline_lastvalue_plot.png

Baseline 3: Linear Trend on Validation Set
============================================================
Validation - Baseline Linear Trend
============================================================
  MAE...........................  201903.4575
  RMSE..........................  299026.8189
  MAPE..........................      18.4314
  R2............................      -0.2975
  Directional_Accuracy..........      17.0213
  Sample_Size................... 48

 TARGET NOT MET: MAPE (18.43%) >= 10%
============================================================
Plot saved: results/validation_baseline_lineartrend_plot.png

Baseline 1: Mean Prediction on Test Set
============================================================
Test - Baseline Mean
============================================================
  MAE...........................  459125.7435
  RMSE..........................  519952.8461
  MAPE..........................      59.9239
  R2............................      -3.5396
  Directional_Accuracy..........      57.6271
  Sample_Size................... 60

 TARGET NOT MET: MAPE (59.92%) >= 10%
============================================================
Plot saved: results/test_baseline_mean_plot.png

Baseline 2: Last Value on Test Set
============================================================
Test - Baseline Last Value
============================================================
  MAE...........................  220727.4521
  RMSE..........................  324588.3198
  MAPE..........................      24.1242
  R2............................      -0.7691
  Directional_Accuracy..........      57.6271
  Sample_Size................... 60

 TARGET NOT MET: MAPE (24.12%) >= 10%
============================================================
Plot saved: results/test_baseline_lastvalue_plot.png

Baseline 3: Linear Trend on Test Set
============================================================
Test - Baseline Linear Trend
============================================================
  MAE...........................  215777.7703
  RMSE..........................  259912.4768
  MAPE..........................      30.5985
  R2............................      -0.1343
  Directional_Accuracy..........      42.3729
  Sample_Size................... 60

 TARGET NOT MET: MAPE (30.60%) >= 10%
============================================================
Plot saved: results/test_baseline_lineartrend_plot.png

Generating evaluation report...
Report saved!

======================================================================
 BASELINE EVALUATION COMPLETE!
======================================================================

Results saved in 'results/' folder
Next: Train LSTM model to beat these baselines!
