2025-11-12 16:28:12.521463: I tensorflow/core/util/port.cc:153] oneDNN custom operations are on. You may see slightly different numerical results due to floating-point round-off errors from different computation orders. To turn them off, set the environment variable `TF_ENABLE_ONEDNN_OPTS=0`.
2025-11-12 16:28:15.940794: I tensorflow/core/util/port.cc:153] oneDNN custom operations are on. You may see slightly different numerical results due to floating-point round-off errors from different computation orders. To turn them off, set the environment variable `TF_ENABLE_ONEDNN_OPTS=0`.
2025-11-12 16:28:16.725100: I tensorflow/core/platform/cpu_feature_guard.cc:210] This TensorFlow binary is optimized to use available CPU instructions in performance-critical operations.
To enable the following instructions: SSE3 SSE4.1 SSE4.2 AVX AVX2 FMA, in other operations, rebuild TensorFlow with the appropriate compiler flags.

======================================================================
LOADING RECENT DATA (2010-2024)
======================================================================

Loaded data:
Train: 108 months, mean=734475.29
Val:   36 months, mean=911067.30
Test:  36 months, mean=667897.79

======================================================================
TRAINING LSTM ON RECENT DATA
======================================================================

Preparing data...
Train sequences: (102, 6, 13)
Val sequences:   (30, 6, 13)
Test sequences:  (30, 6, 13)

Building LSTM...

Training...
Epoch 1/100

[1m1/7[0m [32m==[0m[37m==================[0m [1m23s[0m 4s/step - loss: 0.5809 - mae: 0.5930
[1m7/7[0m [32m====================[0m[37m[0m [1m5s[0m 103ms/step - loss: 0.8748 - mae: 0.7095 - val_loss: 1.2462 - val_mae: 0.9259 - learning_rate: 0.0010
Epoch 2/100

[1m1/7[0m [32m==[0m[37m==================[0m [1m0s[0m 34ms/step - loss: 0.4488 - mae: 0.5584
[1m7/7[0m [32m====================[0m[37m[0m [1m0s[0m 22ms/step - loss: 0.7442 - mae: 0.6838 - val_loss: 1.1608 - val_mae: 0.9199 - learning_rate: 0.0010
Epoch 3/100

[1m1/7[0m [32m==[0m[37m==================[0m [1m0s[0m 41ms/step - loss: 0.4026 - mae: 0.5201
[1m7/7[0m [32m====================[0m[37m[0m [1m0s[0m 22ms/step - loss: 0.6636 - mae: 0.6386 - val_loss: 1.1197 - val_mae: 0.9096 - learning_rate: 0.0010
Epoch 4/100

[1m1/7[0m [32m==[0m[37m==================[0m [1m0s[0m 41ms/step - loss: 0.4064 - mae: 0.5416
[1m7/7[0m [32m====================[0m[37m[0m [1m0s[0m 21ms/step - loss: 0.6725 - mae: 0.6676 - val_loss: 1.0945 - val_mae: 0.8961 - learning_rate: 0.0010
Epoch 5/100

[1m1/7[0m [32m==[0m[37m==================[0m [1m0s[0m 44ms/step - loss: 0.3902 - mae: 0.5069
[1m7/7[0m [32m====================[0m[37m[0m [1m0s[0m 22ms/step - loss: 0.5967 - mae: 0.6188 - val_loss: 1.0726 - val_mae: 0.8818 - learning_rate: 0.0010
Epoch 6/100

[1m1/7[0m [32m==[0m[37m==================[0m [1m0s[0m 37ms/step - loss: 0.4041 - mae: 0.5445
[1m7/7[0m [32m====================[0m[37m[0m [1m0s[0m 21ms/step - loss: 0.6264 - mae: 0.6436 - val_loss: 1.0507 - val_mae: 0.8647 - learning_rate: 0.0010
Epoch 7/100

[1m1/7[0m [32m==[0m[37m==================[0m [1m0s[0m 43ms/step - loss: 0.5086 - mae: 0.5743
[1m7/7[0m [32m====================[0m[37m[0m [1m0s[0m 21ms/step - loss: 0.6326 - mae: 0.6373 - val_loss: 1.0365 - val_mae: 0.8499 - learning_rate: 0.0010
Epoch 8/100

[1m1/7[0m [32m==[0m[37m==================[0m [1m0s[0m 40ms/step - loss: 0.4153 - mae: 0.5200
[1m7/7[0m [32m====================[0m[37m[0m [1m0s[0m 21ms/step - loss: 0.5812 - mae: 0.6082 - val_loss: 1.0415 - val_mae: 0.8402 - learning_rate: 0.0010
Epoch 9/100

[1m1/7[0m [32m==[0m[37m==================[0m [1m0s[0m 37ms/step - loss: 0.4038 - mae: 0.4805
[1m7/7[0m [32m====================[0m[37m[0m [1m0s[0m 23ms/step - loss: 0.5616 - mae: 0.5716 - val_loss: 1.0201 - val_mae: 0.8254 - learning_rate: 0.0010
Epoch 10/100

[1m1/7[0m [32m==[0m[37m==================[0m [1m0s[0m 41ms/step - loss: 0.4752 - mae: 0.5110
[1m7/7[0m [32m====================[0m[37m[0m [1m0s[0m 22ms/step - loss: 0.5617 - mae: 0.5827 - val_loss: 1.0018 - val_mae: 0.8131 - learning_rate: 0.0010
Epoch 11/100

[1m1/7[0m [32m==[0m[37m==================[0m [1m0s[0m 38ms/step - loss: 0.3523 - mae: 0.4831
[1m7/7[0m [32m====================[0m[37m[0m [1m0s[0m 22ms/step - loss: 0.5343 - mae: 0.5810 - val_loss: 0.9917 - val_mae: 0.8058 - learning_rate: 0.0010
Epoch 12/100

[1m1/7[0m [32m==[0m[37m==================[0m [1m0s[0m 42ms/step - loss: 0.3597 - mae: 0.4973
[1m7/7[0m [32m====================[0m[37m[0m [1m0s[0m 22ms/step - loss: 0.4959 - mae: 0.5583 - val_loss: 0.9878 - val_mae: 0.7943 - learning_rate: 0.0010
Epoch 13/100

[1m1/7[0m [32m==[0m[37m==================[0m [1m0s[0m 42ms/step - loss: 0.3810 - mae: 0.4873
[1m7/7[0m [32m====================[0m[37m[0m [1m0s[0m 27ms/step - loss: 0.4922 - mae: 0.5480 - val_loss: 0.9943 - val_mae: 0.7884 - learning_rate: 0.0010
Epoch 14/100

[1m1/7[0m [32m==[0m[37m==================[0m [1m0s[0m 51ms/step - loss: 0.3459 - mae: 0.4414
[1m7/7[0m [32m====================[0m[37m[0m [1m0s[0m 23ms/step - loss: 0.5087 - mae: 0.5322 - val_loss: 0.9890 - val_mae: 0.7751 - learning_rate: 0.0010
Epoch 15/100

[1m1/7[0m [32m==[0m[37m==================[0m [1m0s[0m 47ms/step - loss: 0.5154 - mae: 0.5507
[1m7/7[0m [32m====================[0m[37m[0m [1m0s[0m 21ms/step - loss: 0.4994 - mae: 0.5517 - val_loss: 0.9813 - val_mae: 0.7808 - learning_rate: 0.0010
Epoch 16/100

[1m1/7[0m [32m==[0m[37m==================[0m [1m0s[0m 39ms/step - loss: 0.3476 - mae: 0.4427
[1m7/7[0m [32m====================[0m[37m[0m [1m0s[0m 22ms/step - loss: 0.4476 - mae: 0.5109 - val_loss: 0.9644 - val_mae: 0.7805 - learning_rate: 0.0010
Epoch 17/100

[1m1/7[0m [32m==[0m[37m==================[0m [1m0s[0m 37ms/step - loss: 0.3862 - mae: 0.4570
[1m7/7[0m [32m====================[0m[37m[0m [1m0s[0m 21ms/step - loss: 0.4916 - mae: 0.5234 - val_loss: 0.9567 - val_mae: 0.7614 - learning_rate: 0.0010
Epoch 18/100

[1m1/7[0m [32m==[0m[37m==================[0m [1m0s[0m 38ms/step - loss: 0.4265 - mae: 0.5366
[1m7/7[0m [32m====================[0m[37m[0m [1m0s[0m 21ms/step - loss: 0.4336 - mae: 0.5208 - val_loss: 0.9770 - val_mae: 0.7927 - learning_rate: 0.0010
Epoch 19/100

[1m1/7[0m [32m==[0m[37m==================[0m [1m0s[0m 47ms/step - loss: 0.2917 - mae: 0.4057
[1m7/7[0m [32m====================[0m[37m[0m [1m0s[0m 22ms/step - loss: 0.4105 - mae: 0.4885 - val_loss: 0.9640 - val_mae: 0.7667 - learning_rate: 0.0010
Epoch 20/100

[1m1/7[0m [32m==[0m[37m==================[0m [1m0s[0m 42ms/step - loss: 0.3901 - mae: 0.4997
[1m7/7[0m [32m====================[0m[37m[0m [1m0s[0m 22ms/step - loss: 0.4028 - mae: 0.4935 - val_loss: 0.9750 - val_mae: 0.7885 - learning_rate: 0.0010
Epoch 21/100

[1m1/7[0m [32m==[0m[37m==================[0m [1m0s[0m 37ms/step - loss: 0.5320 - mae: 0.5921
[1m7/7[0m [32m====================[0m[37m[0m [1m0s[0m 21ms/step - loss: 0.5030 - mae: 0.5542 - val_loss: 0.9596 - val_mae: 0.7780 - learning_rate: 0.0010
Epoch 22/100

[1m1/7[0m [32m==[0m[37m==================[0m [1m0s[0m 39ms/step - loss: 0.4169 - mae: 0.5074
[1m7/7[0m [32m====================[0m[37m[0m [1m0s[0m 21ms/step - loss: 0.4759 - mae: 0.5230 - val_loss: 0.9460 - val_mae: 0.7485 - learning_rate: 0.0010
Epoch 23/100

[1m1/7[0m [32m==[0m[37m==================[0m [1m0s[0m 39ms/step - loss: 0.2068 - mae: 0.3501
[1m7/7[0m [32m====================[0m[37m[0m [1m0s[0m 21ms/step - loss: 0.3401 - mae: 0.4334 - val_loss: 0.9422 - val_mae: 0.7470 - learning_rate: 0.0010
Epoch 24/100

[1m1/7[0m [32m==[0m[37m==================[0m [1m0s[0m 39ms/step - loss: 0.2646 - mae: 0.4047
[1m7/7[0m [32m====================[0m[37m[0m [1m0s[0m 23ms/step - loss: 0.4324 - mae: 0.4796 - val_loss: 0.9557 - val_mae: 0.7709 - learning_rate: 0.0010
Epoch 25/100

[1m1/7[0m [32m==[0m[37m==================[0m [1m0s[0m 47ms/step - loss: 0.4177 - mae: 0.5065
[1m7/7[0m [32m====================[0m[37m[0m [1m0s[0m 23ms/step - loss: 0.4317 - mae: 0.5034 - val_loss: 0.9657 - val_mae: 0.7650 - learning_rate: 0.0010
Epoch 26/100

[1m1/7[0m [32m==[0m[37m==================[0m [1m0s[0m 43ms/step - loss: 0.3099 - mae: 0.4441
[1m7/7[0m [32m====================[0m[37m[0m [1m0s[0m 22ms/step - loss: 0.3728 - mae: 0.4526 - val_loss: 0.9980 - val_mae: 0.7983 - learning_rate: 0.0010
Epoch 27/100

[1m1/7[0m [32m==[0m[37m==================[0m [1m0s[0m 42ms/step - loss: 0.2309 - mae: 0.3979
[1m7/7[0m [32m====================[0m[37m[0m [1m0s[0m 23ms/step - loss: 0.3661 - mae: 0.4632 - val_loss: 1.0306 - val_mae: 0.8202 - learning_rate: 0.0010
Epoch 28/100

[1m1/7[0m [32m==[0m[37m==================[0m [1m0s[0m 47ms/step - loss: 0.3578 - mae: 0.4792
Epoch 28: ReduceLROnPlateau reducing learning rate to 0.0005000000237487257.

[1m7/7[0m [32m====================[0m[37m[0m [1m0s[0m 24ms/step - loss: 0.4111 - mae: 0.4779 - val_loss: 1.0300 - val_mae: 0.8111 - learning_rate: 0.0010
Epoch 29/100

[1m1/7[0m [32m==[0m[37m==================[0m [1m0s[0m 41ms/step - loss: 0.1987 - mae: 0.3521
[1m7/7[0m [32m====================[0m[37m[0m [1m0s[0m 24ms/step - loss: 0.3485 - mae: 0.4343 - val_loss: 1.0396 - val_mae: 0.8161 - learning_rate: 5.0000e-04
Epoch 30/100

[1m1/7[0m [32m==[0m[37m==================[0m [1m0s[0m 49ms/step - loss: 0.1625 - mae: 0.3440
[1m7/7[0m [32m====================[0m[37m[0m [1m0s[0m 25ms/step - loss: 0.3094 - mae: 0.4343 - val_loss: 1.0904 - val_mae: 0.8497 - learning_rate: 5.0000e-04
Epoch 31/100

[1m1/7[0m [32m==[0m[37m==================[0m [1m0s[0m 49ms/step - loss: 0.2149 - mae: 0.3872
[1m7/7[0m [32m====================[0m[37m[0m [1m0s[0m 24ms/step - loss: 0.3282 - mae: 0.4398 - val_loss: 1.1130 - val_mae: 0.8625 - learning_rate: 5.0000e-04
Epoch 32/100

[1m1/7[0m [32m==[0m[37m==================[0m [1m0s[0m 51ms/step - loss: 0.3183 - mae: 0.4169
[1m7/7[0m [32m====================[0m[37m[0m [1m0s[0m 22ms/step - loss: 0.4158 - mae: 0.4648 - val_loss: 1.0629 - val_mae: 0.8325 - learning_rate: 5.0000e-04
Epoch 33/100

[1m1/7[0m [32m==[0m[37m==================[0m [1m0s[0m 44ms/step - loss: 0.3121 - mae: 0.4418
Epoch 33: ReduceLROnPlateau reducing learning rate to 0.0002500000118743628.

[1m7/7[0m [32m====================[0m[37m[0m [1m0s[0m 24ms/step - loss: 0.3704 - mae: 0.4498 - val_loss: 1.0610 - val_mae: 0.8312 - learning_rate: 5.0000e-04
Epoch 34/100

[1m1/7[0m [32m==[0m[37m==================[0m [1m0s[0m 36ms/step - loss: 0.2697 - mae: 0.4355
[1m7/7[0m [32m====================[0m[37m[0m [1m0s[0m 24ms/step - loss: 0.3679 - mae: 0.4571 - val_loss: 1.0685 - val_mae: 0.8375 - learning_rate: 2.5000e-04
Epoch 35/100

[1m1/7[0m [32m==[0m[37m==================[0m [1m0s[0m 40ms/step - loss: 0.2847 - mae: 0.4454
[1m7/7[0m [32m====================[0m[37m[0m [1m0s[0m 22ms/step - loss: 0.3696 - mae: 0.4614 - val_loss: 1.0755 - val_mae: 0.8411 - learning_rate: 2.5000e-04
Epoch 36/100

[1m1/7[0m [32m==[0m[37m==================[0m [1m0s[0m 38ms/step - loss: 0.2811 - mae: 0.4337
[1m7/7[0m [32m====================[0m[37m[0m [1m0s[0m 22ms/step - loss: 0.3445 - mae: 0.4418 - val_loss: 1.0659 - val_mae: 0.8330 - learning_rate: 2.5000e-04
Epoch 37/100

[1m1/7[0m [32m==[0m[37m==================[0m [1m0s[0m 38ms/step - loss: 0.1998 - mae: 0.3533
[1m7/7[0m [32m====================[0m[37m[0m [1m0s[0m 21ms/step - loss: 0.3558 - mae: 0.4394 - val_loss: 1.0527 - val_mae: 0.8216 - learning_rate: 2.5000e-04
Epoch 38/100

[1m1/7[0m [32m==[0m[37m==================[0m [1m0s[0m 40ms/step - loss: 0.2626 - mae: 0.3902
Epoch 38: ReduceLROnPlateau reducing learning rate to 0.0001250000059371814.

[1m7/7[0m [32m====================[0m[37m[0m [1m0s[0m 22ms/step - loss: 0.3812 - mae: 0.4422 - val_loss: 1.0577 - val_mae: 0.8298 - learning_rate: 2.5000e-04
Epoch 38: early stopping
Restoring model weights from the end of the best epoch: 23.
WARNING:absl:You are saving your model as an HDF5 file via `model.save()` or `keras.saving.save_model(model)`. This file format is considered legacy. We recommend using instead the native Keras format, e.g. `model.save('my_model.keras')` or `keras.saving.save_model(model, 'my_model.keras')`. 

Evaluating...

============================================================
TEST SET RESULTS (2022-2024)
============================================================
  MAE:  205440.97
  RMSE: 233884.79
  MAPE: 33.68%
  R2:   -0.3407
  Directional Accuracy: 58.62%

  MAPE >= 20% - Need discussion in thesis.
============================================================

Plot saved: results/lstm_recent_data_results.png

Saving model...
Model saved in: models/lstm_recent_data/

======================================================================
RECENT DATA APPROACH - COMPLETE!
======================================================================

Final Test MAPE: 33.68%

Comparison:
  Baseline (Last Value): 24.12%
  LSTM V1 (1993-2024): 28.82%
  LSTM Detrended: 35.31%
  LSTM Recent (2010-2024): 33.68% <- BEST APPROACH!
