2025-11-12 15:44:23.954025: I tensorflow/core/util/port.cc:153] oneDNN custom operations are on. You may see slightly different numerical results due to floating-point round-off errors from different computation orders. To turn them off, set the environment variable `TF_ENABLE_ONEDNN_OPTS=0`.
2025-11-12 15:44:30.625706: I tensorflow/core/util/port.cc:153] oneDNN custom operations are on. You may see slightly different numerical results due to floating-point round-off errors from different computation orders. To turn them off, set the environment variable `TF_ENABLE_ONEDNN_OPTS=0`.
2025-11-12 15:44:31.640277: I tensorflow/core/platform/cpu_feature_guard.cc:210] This TensorFlow binary is optimized to use available CPU instructions in performance-critical operations.
To enable the following instructions: SSE3 SSE4.1 SSE4.2 AVX AVX2 FMA, in other operations, rebuild TensorFlow with the appropriate compiler flags.

======================================================================
LSTM ENHANCED ENSEMBLE TRAINING
======================================================================
Target: MAPE < 10% on Test Set (2020-2024)
======================================================================

======================================================================
LOADING DATA
======================================================================
Train: 276 records (1993-2015)
Val:   48 records (2016-2019)
Test:  60 records (2020-2024)

======================================================================
SCALING DATA
======================================================================
Features: 13 columns
Feature names: ['month_sin', 'month_cos', 'kalori_ma3', 'kalori_std3', 'kalori_ma6']... (showing first 5)
Features: 13 columns
Feature names: ['month_sin', 'month_cos', 'kalori_ma3', 'kalori_std3', 'kalori_ma6']... (showing first 5)
Features: 13 columns
Feature names: ['month_sin', 'month_cos', 'kalori_ma3', 'kalori_std3', 'kalori_ma6']... (showing first 5)
X train scaled: (276, 13)
y train scaled: (276,)

Creating sequences (length=6)...
Train sequences: (270, 6, 13)
Val sequences:   (42, 6, 13)
Test sequences:  (54, 6, 13)

======================================================================
BUILDING LSTM MODEL
======================================================================

Model Architecture:
Model: "sequential"
+--------------------------------------------------------------------------+
| Layer (type)                    | Output Shape           |       Param # |
|---------------------------------+------------------------+---------------|
| lstm (LSTM)                     | (None, 6, 64)          |        19,968 |
|---------------------------------+------------------------+---------------|
| dropout (Dropout)               | (None, 6, 64)          |             0 |
|---------------------------------+------------------------+---------------|
| lstm_1 (LSTM)                   | (None, 32)             |        12,416 |
|---------------------------------+------------------------+---------------|
| dropout_1 (Dropout)             | (None, 32)             |             0 |
|---------------------------------+------------------------+---------------|
| dense (Dense)                   | (None, 16)             |           528 |
|---------------------------------+------------------------+---------------|
| dropout_2 (Dropout)             | (None, 16)             |             0 |
|---------------------------------+------------------------+---------------|
| dense_1 (Dense)                 | (None, 1)              |            17 |
+--------------------------------------------------------------------------+
 Total params: 32,929 (128.63 KB)
 Trainable params: 32,929 (128.63 KB)
 Non-trainable params: 0 (0.00 B)

======================================================================
TRAINING LSTM MODEL
======================================================================

Training for up to 100 epochs...
Batch size: 16
Early stopping patience: 15
Epoch 1/100

[1m 1/17[0m [32m=[0m[37m===================[0m [1m1:00[0m 4s/step - loss: 1.0091 - mae: 0.7166
[1m 9/17[0m [32m==========[0m[37m==========[0m [1m0s[0m 7ms/step - loss: 1.0567 - mae: 0.7468 
[1m17/17[0m [32m====================[0m[37m[0m [1m4s[0m 42ms/step - loss: 0.9232 - mae: 0.7048 - val_loss: 1.3230 - val_mae: 0.8537 - learning_rate: 0.0010
Epoch 2/100

[1m 1/17[0m [32m=[0m[37m===================[0m [1m0s[0m 42ms/step - loss: 0.5529 - mae: 0.5415
[1m10/17[0m [32m===========[0m[37m=========[0m [1m0s[0m 6ms/step - loss: 0.4961 - mae: 0.4888 
[1m17/17[0m [32m====================[0m[37m[0m [1m0s[0m 12ms/step - loss: 0.4291 - mae: 0.4443 - val_loss: 0.5526 - val_mae: 0.6317 - learning_rate: 0.0010
Epoch 3/100

[1m 1/17[0m [32m=[0m[37m===================[0m [1m0s[0m 42ms/step - loss: 0.1203 - mae: 0.2435
[1m 9/17[0m [32m==========[0m[37m==========[0m [1m0s[0m 6ms/step - loss: 0.2160 - mae: 0.3001 
[1m17/17[0m [32m====================[0m[37m[0m [1m0s[0m 6ms/step - loss: 0.2244 - mae: 0.3004
[1m17/17[0m [32m====================[0m[37m[0m [1m0s[0m 12ms/step - loss: 0.2242 - mae: 0.3000 - val_loss: 0.5456 - val_mae: 0.6232 - learning_rate: 0.0010
Epoch 4/100

[1m 1/17[0m [32m=[0m[37m===================[0m [1m0s[0m 46ms/step - loss: 0.1747 - mae: 0.2817
[1m10/17[0m [32m===========[0m[37m=========[0m [1m0s[0m 6ms/step - loss: 0.1954 - mae: 0.2712 
[1m17/17[0m [32m====================[0m[37m[0m [1m0s[0m 12ms/step - loss: 0.1954 - mae: 0.2678 - val_loss: 0.5765 - val_mae: 0.6359 - learning_rate: 0.0010
Epoch 5/100

[1m 1/17[0m [32m=[0m[37m===================[0m [1m0s[0m 53ms/step - loss: 0.3149 - mae: 0.3236
[1m 6/17[0m [32m=======[0m[37m=============[0m [1m0s[0m 11ms/step - loss: 0.2619 - mae: 0.2900
[1m11/17[0m [32m============[0m[37m========[0m [1m0s[0m 11ms/step - loss: 0.2357 - mae: 0.2754
[1m17/17[0m [32m====================[0m[37m[0m [1m0s[0m 15ms/step - loss: 0.2194 - mae: 0.2641 - val_loss: 0.7030 - val_mae: 0.6630 - learning_rate: 0.0010
Epoch 6/100

[1m 1/17[0m [32m=[0m[37m===================[0m [1m0s[0m 37ms/step - loss: 0.2056 - mae: 0.2546
[1m10/17[0m [32m===========[0m[37m=========[0m [1m0s[0m 6ms/step - loss: 0.1951 - mae: 0.2473 
[1m17/17[0m [32m====================[0m[37m[0m [1m0s[0m 12ms/step - loss: 0.1803 - mae: 0.2388 - val_loss: 0.7253 - val_mae: 0.6787 - learning_rate: 0.0010
Epoch 7/100

[1m 1/17[0m [32m=[0m[37m===================[0m [1m0s[0m 47ms/step - loss: 0.2084 - mae: 0.2976
[1m11/17[0m [32m============[0m[37m========[0m [1m0s[0m 6ms/step - loss: 0.1681 - mae: 0.2467 
[1m17/17[0m [32m====================[0m[37m[0m [1m0s[0m 11ms/step - loss: 0.1670 - mae: 0.2366 - val_loss: 0.8115 - val_mae: 0.7215 - learning_rate: 0.0010
Epoch 8/100

[1m 1/17[0m [32m=[0m[37m===================[0m [1m0s[0m 39ms/step - loss: 0.2852 - mae: 0.3357
[1m11/17[0m [32m============[0m[37m========[0m [1m0s[0m 6ms/step - loss: 0.2292 - mae: 0.2781 
Epoch 8: ReduceLROnPlateau reducing learning rate to 0.0005000000237487257.

[1m17/17[0m [32m====================[0m[37m[0m [1m0s[0m 11ms/step - loss: 0.2159 - mae: 0.2615 - val_loss: 0.8194 - val_mae: 0.7197 - learning_rate: 0.0010
Epoch 9/100

[1m 1/17[0m [32m=[0m[37m===================[0m [1m0s[0m 39ms/step - loss: 0.1601 - mae: 0.2132
[1m10/17[0m [32m===========[0m[37m=========[0m [1m0s[0m 6ms/step - loss: 0.1850 - mae: 0.2363 
[1m17/17[0m [32m====================[0m[37m[0m [1m0s[0m 11ms/step - loss: 0.1860 - mae: 0.2373 - val_loss: 0.8171 - val_mae: 0.7172 - learning_rate: 5.0000e-04
Epoch 10/100

[1m 1/17[0m [32m=[0m[37m===================[0m [1m0s[0m 40ms/step - loss: 0.1185 - mae: 0.2163
[1m10/17[0m [32m===========[0m[37m=========[0m [1m0s[0m 6ms/step - loss: 0.1555 - mae: 0.2210 
[1m17/17[0m [32m====================[0m[37m[0m [1m0s[0m 11ms/step - loss: 0.1527 - mae: 0.2182 - val_loss: 0.8382 - val_mae: 0.7240 - learning_rate: 5.0000e-04
Epoch 11/100

[1m 1/17[0m [32m=[0m[37m===================[0m [1m0s[0m 34ms/step - loss: 0.2059 - mae: 0.2732
[1m 9/17[0m [32m==========[0m[37m==========[0m [1m0s[0m 6ms/step - loss: 0.1489 - mae: 0.2274 
[1m17/17[0m [32m====================[0m[37m[0m [1m0s[0m 12ms/step - loss: 0.1436 - mae: 0.2183 - val_loss: 0.8611 - val_mae: 0.7266 - learning_rate: 5.0000e-04
Epoch 12/100

[1m 1/17[0m [32m=[0m[37m===================[0m [1m0s[0m 42ms/step - loss: 0.3301 - mae: 0.3007
[1m10/17[0m [32m===========[0m[37m=========[0m [1m0s[0m 6ms/step - loss: 0.2122 - mae: 0.2435 
[1m17/17[0m [32m====================[0m[37m[0m [1m0s[0m 11ms/step - loss: 0.1991 - mae: 0.2344 - val_loss: 0.8657 - val_mae: 0.7501 - learning_rate: 5.0000e-04
Epoch 13/100

[1m 1/17[0m [32m=[0m[37m===================[0m [1m0s[0m 37ms/step - loss: 0.2064 - mae: 0.2716
[1m 9/17[0m [32m==========[0m[37m==========[0m [1m0s[0m 7ms/step - loss: 0.1615 - mae: 0.2335 
[1m16/17[0m [32m==================[0m[37m==[0m [1m0s[0m 7ms/step - loss: 0.1620 - mae: 0.2274
Epoch 13: ReduceLROnPlateau reducing learning rate to 0.0002500000118743628.

[1m17/17[0m [32m====================[0m[37m[0m [1m0s[0m 14ms/step - loss: 0.1595 - mae: 0.2246 - val_loss: 0.8966 - val_mae: 0.7492 - learning_rate: 5.0000e-04
Epoch 14/100

[1m 1/17[0m [32m=[0m[37m===================[0m [1m0s[0m 52ms/step - loss: 0.1903 - mae: 0.2527
[1m10/17[0m [32m===========[0m[37m=========[0m [1m0s[0m 6ms/step - loss: 0.1757 - mae: 0.2269 
[1m17/17[0m [32m====================[0m[37m[0m [1m0s[0m 12ms/step - loss: 0.1552 - mae: 0.2110 - val_loss: 0.9025 - val_mae: 0.7564 - learning_rate: 2.5000e-04
Epoch 15/100

[1m 1/17[0m [32m=[0m[37m===================[0m [1m0s[0m 39ms/step - loss: 0.3261 - mae: 0.3458
[1m10/17[0m [32m===========[0m[37m=========[0m [1m0s[0m 6ms/step - loss: 0.1999 - mae: 0.2550 
[1m17/17[0m [32m====================[0m[37m[0m [1m0s[0m 12ms/step - loss: 0.1849 - mae: 0.2409 - val_loss: 0.8895 - val_mae: 0.7520 - learning_rate: 2.5000e-04
Epoch 16/100

[1m 1/17[0m [32m=[0m[37m===================[0m [1m0s[0m 38ms/step - loss: 0.1435 - mae: 0.2407
[1m 9/17[0m [32m==========[0m[37m==========[0m [1m0s[0m 7ms/step - loss: 0.1544 - mae: 0.2229 
[1m17/17[0m [32m====================[0m[37m[0m [1m0s[0m 12ms/step - loss: 0.1537 - mae: 0.2189 - val_loss: 0.9305 - val_mae: 0.7692 - learning_rate: 2.5000e-04
Epoch 17/100

[1m 1/17[0m [32m=[0m[37m===================[0m [1m0s[0m 46ms/step - loss: 0.2029 - mae: 0.2692
[1m10/17[0m [32m===========[0m[37m=========[0m [1m0s[0m 6ms/step - loss: 0.1826 - mae: 0.2505 
[1m17/17[0m [32m====================[0m[37m[0m [1m0s[0m 12ms/step - loss: 0.1675 - mae: 0.2385 - val_loss: 0.9168 - val_mae: 0.7652 - learning_rate: 2.5000e-04
Epoch 18/100

[1m 1/17[0m [32m=[0m[37m===================[0m [1m0s[0m 39ms/step - loss: 0.3520 - mae: 0.2811
[1m11/17[0m [32m============[0m[37m========[0m [1m0s[0m 5ms/step - loss: 0.1817 - mae: 0.2229 
Epoch 18: ReduceLROnPlateau reducing learning rate to 0.0001250000059371814.

[1m17/17[0m [32m====================[0m[37m[0m [1m0s[0m 12ms/step - loss: 0.1688 - mae: 0.2182 - val_loss: 0.9305 - val_mae: 0.7690 - learning_rate: 2.5000e-04
Epoch 18: early stopping
Restoring model weights from the end of the best epoch: 3.
WARNING:absl:You are saving your model as an HDF5 file via `model.save()` or `keras.saving.save_model(model)`. This file format is considered legacy. We recommend using instead the native Keras format, e.g. `model.save('my_model.keras')` or `keras.saving.save_model(model, 'my_model.keras')`. 

Training completed!

======================================================================
TRAINING ENSEMBLE MODELS
======================================================================

1. Training Huber Regressor...
2. Training Ridge Regression...

Ensemble models trained: 2

======================================================================
EVALUATING MODELS
======================================================================

LSTM Model (Test Set):
------------------------------------------------------------
  MAE...........................  200717.1643
  RMSE..........................  239558.8036
  MAPE..........................      27.9497
  R2............................       0.0200
  Directional_Accuracy..........      52.8302

  TARGET NOT MET: MAPE (27.95%) >= 10%
------------------------------------------------------------

Ensemble Model (Test Set):
------------------------------------------------------------
  MAE...........................  210889.0720
  RMSE..........................  255052.8574
  MAPE..........................      28.8159
  R2............................      -0.1108
  Directional_Accuracy..........      49.0566

  TARGET NOT MET: MAPE (28.82%) >= 10%
------------------------------------------------------------

Plotting training history...
Saved: results/lstm_training_history.png

Plotting predictions...
Saved: results/lstm_ensemble_predictions.png

======================================================================
SAVING MODELS
======================================================================
Saved: models/lstm_ensemble_final/lstm_model.h5
Saved: models/lstm_ensemble_final/scaler_X.pkl
Saved: models/lstm_ensemble_final/scaler_y.pkl
Saved: models/lstm_ensemble_final/ensemble_0_huber.pkl
Saved: models/lstm_ensemble_final/ensemble_1_ridge.pkl
Saved: models/lstm_ensemble_final/model_metadata.json

All models saved successfully!

======================================================================
TRAINING COMPLETE!
======================================================================

 Test MAPE = 28.82% >= 10%
 Close! May need hyperparameter tuning.

Results:
  - Models saved in: models/lstm_ensemble_final/
  - Plots saved in: results/
  - Test MAPE: 28.82%
  - Test RMSE: 255052.86
  - Test R2: -0.1108
